15:33:49 **** Auto Build of configuration Debug for project cmd_motor ****
make all 
'Building file: ../src/helloworld.c'
'Invoking: ARM gcc compiler'
arm-xilinx-eabi-gcc -Wall -O0 -g3 -c -fmessage-length=0 -MT"src/helloworld.o" -I../../cmd_motor_bsp/ps7_cortexa9_0/include -MMD -MP -MF"src/helloworld.d" -MT"src/helloworld.d" -o "src/helloworld.o" "../src/helloworld.c"
'Finished building: ../src/helloworld.c'
' '
'Building target: cmd_motor.elf'
'Invoking: ARM gcc linker'
arm-xilinx-eabi-gcc -Wl,-T -Wl,../src/lscript.ld -L../../cmd_motor_bsp/ps7_cortexa9_0/lib -o "cmd_motor.elf"  ./src/helloworld.o ./src/platform.o   -Wl,--start-group,-lxil,-lgcc,-lc,--end-group
'Finished building target: cmd_motor.elf'
' '
'Invoking: ARM Print Size'
arm-xilinx-eabi-size cmd_motor.elf  |tee "cmd_motor.elf.size"
   text	   data	    bss	    dec	    hex	filename
  22876	   1152	  22564	  46592	   b600	cmd_motor.elf
'Finished building: cmd_motor.elf.size'
' '

15:33:50 Build Finished (took 1s.154ms)

